{
  "version": "1.5.0",
  "plugins_used": [
    {
      "name": "AWSKeyDetector"
    },
    {
      "name": "Base64HighEntropyString",
      "limit": 4.5
    },
    {
      "name": "GitHubTokenDetector"
    },
    {
      "name": "HexHighEntropyString",
      "limit": 3.0
    },
    {
      "name": "KeywordDetector"
    },
    {
      "name": "PrivateKeyDetector"
    }
  ],
  "results": {}
}
